<html>
<body>
<pre>
<h1>µVision Build Log</h1>
<h2>Project:</h2>
N:\ECE254\lab2\starter\RTX_App\RTX_App.uvproj
Project File Date:  07/15/2018

<h2>Output:</h2>
Build Project 'RTX_App' - Target 'Starter SIM'
linking...
Program Size: Code=7056 RO-data=276 RW-data=148 ZI-data=8140  
".\build\FLASH\RTX_APP.axf" - 0 Error(s), 0 Warning(s).
Build Project 'RTX_App' - Target 'Starter SIM'
linking...
Program Size: Code=7056 RO-data=276 RW-data=148 ZI-data=8140  
".\build\FLASH\RTX_APP.axf" - 0 Error(s), 0 Warning(s).
Build Project 'RTX_App' - Target 'Starter SIM'
linking...
Program Size: Code=7056 RO-data=276 RW-data=148 ZI-data=8140  
".\build\FLASH\RTX_APP.axf" - 0 Error(s), 0 Warning(s).
